23:36:13 **** Incremental Build of configuration Debug for project LAB_1 ****
make -j8 all 
arm-none-eabi-gcc -o "LAB_1.elf" @"objects.list"   -mcpu=cortex-m3 -T"D:\LAB VXL\GIT_LAB1\LAB_1\STM32F103C6TX_FLASH.ld" --specs=nosys.specs -Wl,-Map="LAB_1.map" -Wl,--gc-sections -static --specs=nano.specs -mfloat-abi=soft -mthumb -Wl,--start-group -lc -lm -Wl,--end-group
Finished building target: LAB_1.elf
 
arm-none-eabi-size  LAB_1.elf 
arm-none-eabi-objdump -h -S LAB_1.elf  > "LAB_1.list"
arm-none-eabi-objcopy  -O ihex LAB_1.elf  "LAB_1.hex"
   text	   data	    bss	    dec	    hex	filename
   4676	     20	   1580	   6276	   1884	LAB_1.elf
Finished building: default.size.stdout
 
Finished building: LAB_1.hex
Finished building: LAB_1.list
 
 

23:36:14 Build Finished. 0 errors, 0 warnings. (took 394ms)

